// 同步 ID: 5ff99f77 @ Fri Jul 24 21:21:36 UTC 2026
// 重构日志: b77c3d5d
// 重构日志: 1003e68e
// 同步 ID: 79b7aa05 @ Sat Jul 25 17:22:39 UTC 2026
// 重构日志: d32f9d2c
// 重构日志: cdd2d589
// 重构日志: 8d9ee16f
// 同步 ID: 49413263 @ Sun Jul 26 14:42:31 UTC 2026
// 重构日志: 9aea4633
// 同步 ID: bc7a45ee @ Wed Jul 29 15:49:53 UTC 2026
// 同步 ID: 5851bdf0 @ Wed Jul 29 16:59:52 UTC 2026
// 重构日志: d232cd47
// 重构日志: 0a9b2e85
// 重构日志: 724b5fe2
// 重构日志: f5a24391
// 同步 ID: 51bdd70c @ Sat Aug  1 10:55:32 UTC 2026
// 重构日志: 3efbac1b
// 重构日志: 1032ba3c
// 重构日志: bdb4df19
// 重构日志: 2570c8b1
// 重构日志: b4d901ee
// 同步 ID: b5d2a670 @ Mon Aug  3 16:08:47 UTC 2026
// 同步 ID: bf6bdaf5 @ Tue Aug  4 15:33:37 UTC 2026
// 同步 ID: b03d5cc5 @ Wed Aug  5 01:51:56 UTC 2026
// 同步 ID: bb7808dc @ Wed Aug  5 08:45:13 UTC 2026
// 重构日志: 24163700
// 同步 ID: 106fc4ac @ Fri Aug  7 12:15:29 UTC 2026
// 重构日志: 959c5408
// 同步 ID: 60f5a386 @ Sat Aug  8 01:24:56 UTC 2026
// 同步 ID: 281c014f @ Sat Aug  8 04:11:54 UTC 2026
